// Jest Snapshot v1, https://goo.gl/fbAQLP

exports[`RainyWrapper should match snapshot 1`] = `
<View
  style={
    Array [
      Object {
        "backgroundColor": "#393c50",
        "flexDirection": "row",
        "height": "100%",
        "justifyContent": "center",
      },
      undefined,
    ]
  }
>
  <View
    accessibilityIgnoresInvertColors={true}
    style={
      Object {
        "bottom": 0,
        "justifyContent": "flex-start",
        "left": 0,
        "opacity": 0.1,
        "position": "absolute",
        "resizeMode": "cover",
        "right": 0,
        "top": 0,
      }
    }
  >
    <Image
      source={
        Object {
          "testUri": "../../../src/shared/components/rainy-wrapper/rain-drops.png",
        }
      }
      style={
        Array [
          Object {
            "bottom": 0,
            "left": 0,
            "position": "absolute",
            "right": 0,
            "top": 0,
          },
          Object {
            "height": undefined,
            "width": undefined,
          },
          undefined,
        ]
      }
    />
  </View>
  <RNCSafeAreaView />
</View>
`;
